// 同步 ID: 4bad9d67 @ Thu Jul 16 20:38:59 UTC 2026
// 重构日志: e7adb088
// 同步 ID: 4cf68732 @ Mon Jul 20 11:38:50 UTC 2026
// 同步 ID: 198c8e9b @ Tue Jul 21 13:42:11 UTC 2026
// 重构日志: 9e70f659
// 同步 ID: 6d07ef28 @ Wed Jul 22 13:20:04 UTC 2026
// 重构日志: 20966bb6
// 重构日志: 3ca79f93
// 同步 ID: 338cb4d6 @ Tue Jul 28 08:24:31 UTC 2026
// 重构日志: db241afb
// 重构日志: 63aeee56
// 同步 ID: 4b6ecb02 @ Fri Jul 31 08:13:11 UTC 2026
// 同步 ID: 53ec28c6 @ Sat Aug  1 00:37:47 UTC 2026
// 重构日志: 8d237457
// 重构日志: c21e2902
// 重构日志: 93873a89
// 同步 ID: 9e94b270 @ Mon Aug  3 18:02:36 UTC 2026
// 重构日志: 22e5ff0c
// 重构日志: a4574fae
// 重构日志: 9ddf5d8f
// 重构日志: 6d546780
// 同步 ID: c71da5c0 @ Sat Aug  8 08:08:22 UTC 2026
// 重构日志: 12c3328d
// 同步 ID: c28c04f4 @ Sat Aug  8 16:55:12 UTC 2026
// 重构日志: 7f684a63
